------------------------------------------------------------------------------------------------------------------------------------------------------------------------------------
      name:  sim11_tables
       log:  C:\Users\kkranker\Documents\Stata\Ado\Devel\gmatch\sims/sim11/summary_tables.log
  log type:  text
 opened on:   6 Mar 2019, 16:50:30

. 
. *! $Id: summary_table.do,v c9d2e511c906 2019/03/06 18:08:30 kkranker $
. *! BPO CBPS Simulation
. // Repackage the results from simulation #11 into ready-to-use tables.
. //
. *! By Keith Kranker
. // Last updated $Date: 2019/03/06 18:08:30 $
. //
. // Copyright (C) Mathematica Policy Research, Inc.
. // This code cannot be copied, distributed or used without the express written
. // permission of Mathematica Policy Research, Inc.
. 
. mac list _sim
_sim:           11

. qui adopath ++ ./sims/

. 
. // there was a mistake in the old version on sim_reshape.ado; I'm re-running here with the fixed version
. if 0 {
.   use using sims/sim`sim'/Data_Unprocessed.dta, clear
.   sim_reshape
.   save sims/sim`sim'/Data.dta, replace
. }

. else {
.   use sims/sim`sim'/Data.dta, clear
(simulate: onerep_ksir)
. }

. 
. // sort variables into groups
. unab stats : impact_est-wgt_kurtosis Nt

. unab sumstats : rmse impact_est_var

. unab scenario: result dataset dgp N estimator augmented true

. unab  allleft : _all

. local allleft : list allleft - stats

. local allleft : list allleft - sumstats

. local allleft : list allleft - scenario

. mac list _allleft
_allleft:       rep

. assert "`allleft'"=="rep"

. 
. // update labels
. label list aug est
aug:
           0 Unadjusted
           1 Reg. adjusted
est:
           1 RAW
           2 IPW_TRUE_PS
           3 STDPROGDIFF
           4 IPW_TE
           5 ELASTIC
           6 RF
           7 IPWCBPS
           8 CBPS
           9 CBPS99_9
          10 CBPS99
          11 CBPS98
          12 CBPS97
          13 CBPS95
          14 CBPS93
          15 CBPS90
          16 CBPS85
          17 CBPS80
          18 CBPS75
          19 CBPS50
          20 IPW

. /*     aug:
>            0 Unadjusted
>            1 Reg. adjusted
>        est:
>            1 RAW
>            2 IPW_TRUE_PS
>            3 STDPROGDIFF
>            4 IPW_TE
>            5 ELASTIC
>            6 RF
>            7 IPWCBPS
>            8 CBPS
>            9 CBPS99_9
>           10 CBPS99
>           11 CBPS98
>           12 CBPS97
>           13 CBPS95
>           14 CBPS93
>           15 CBPS90
>           16 CBPS85
>           17 CBPS80
>           18 CBPS75
>           19 CBPS50
>           20 IPW     */
. 
. label define aug 0 "IPW" 1 "WLS", modify

. 
. recode estimator ///
>            (20 =   1 "LOGIT") ///
>            ( 6 =   2 "RF") ///
>            ( 5 =   3 "ELASTIC") ///
>            ( 3 =   4 "PROG") ///
>            ( 7 =   5 "CBPS-O") ///
>            ( 8 =   6 "CBPS-J") ///
>            ( 9 =   7 "PCBPS-99.9%") ///
>            (10 =   8 "PCBPS-99%") ///
>            (11 =   9 "PCBPS-98%") ///
>            (12 =  10 "PCBPS-97%") ///
>            (13 =  11 "PCBPS-95%") ///
>            (14 =  12 "PCBPS-93%") ///
>            (15 =  13 "PCBPS-90%") ///
>            (16 =  14 "PCBPS-85%") ///
>            (17 =  15 "PCBPS-80%") ///
>            (18 =  16 "PCBPS-75%") ///
>            (19 =  17 "PCBPS-50%") ///
>            ( 2 =  18 "TRUE") ///
>            ( 4 =  19 "IPW_TE") ///
>            ( 1 =  20 "RAW") ///
>            (else = 999 "something is missing here") ///
>            , gen(estimator_recode)
(870000 differences between estimator and estimator_recode)

. recode estimator_ ///
>              (  6 = 100  ) ///
>              (  7 =  99.9) ///
>              (  8 =  99  ) ///
>              (  9 =  98  ) ///
>              ( 10 =  97  ) ///
>              ( 11 =  95  ) ///
>              ( 12 =  93  ) ///
>              ( 13 =  90  ) ///
>              ( 14 =  85  ) ///
>              ( 15 =  80  ) ///
>              ( 16 =  75  ) ///
>              ( 17 =  50  ) ///
>              (else = 0), ///
>              gen(cbps_pct)
(870000 differences between estimator_recode and cbps_pct)

. tablist estimator_ cbps_pct estimator, sep(0) sort(v)

  +----------------------------------------------------------------------------+
  | estimator~e   cbps_pct     estimator   _Freq_   _Perc_   _CFreq_   _CPerc_ |
  |----------------------------------------------------------------------------|
  |       LOGIT          0           IPW    50000     5.75     50000      5.75 |
  |          RF          0            RF    50000     5.75    100000     11.49 |
  |        PROG          0   STDPROGDIFF    20000     2.30    120000     13.79 |
  |      CBPS-O          0       IPWCBPS    50000     5.75    170000     19.54 |
  |      CBPS-J        100          CBPS    50000     5.75    220000     25.29 |
  | PCBPS-99.9%       99.9      CBPS99_9    50000     5.75    270000     31.03 |
  |   PCBPS-99%         99        CBPS99    50000     5.75    320000     36.78 |
  |   PCBPS-98%         98        CBPS98    50000     5.75    370000     42.53 |
  |   PCBPS-97%         97        CBPS97    50000     5.75    420000     48.28 |
  |   PCBPS-95%         95        CBPS95    50000     5.75    470000     54.02 |
  |   PCBPS-93%         93        CBPS93    50000     5.75    520000     59.77 |
  |   PCBPS-90%         90        CBPS90    50000     5.75    570000     65.52 |
  |   PCBPS-85%         85        CBPS85    50000     5.75    620000     71.26 |
  |   PCBPS-80%         80        CBPS80    50000     5.75    670000     77.01 |
  |   PCBPS-75%         75        CBPS75    50000     5.75    720000     82.76 |
  |   PCBPS-50%         50        CBPS50    50000     5.75    770000     88.51 |
  |        TRUE          0   IPW_TRUE_PS    50000     5.75    820000     94.25 |
  |         RAW          0           RAW    50000     5.75    870000    100.00 |
  +----------------------------------------------------------------------------+

. assert estimator_recode != 99

. order  estimator_ , after(estimator)

. drop estimator

. rename estimator_ estimator

. local scenario `macval(scenario)' cbps_pct

. 
. // below, I'll drop the PROG estimator -- this was a disaster, converging only a fraction of the time!
. table  N aug estimator if estimator==4, row col c(count rep count impact_est)

----------------------------------
          |RECODE of estimator and
          |       augmented       
          | -------- PROG --------
        N |    IPW     WLS   Total
----------+-----------------------
       25 |  5,000   5,000  10,000
          |     23      23      46
          | 
      200 |  5,000   5,000  10,000
          |     95      95     190
          | 
    Total | 10,000  10,000  20,000
          |    118     118     236
----------------------------------

. 
. // select cells to show in the final tables
. local ifstmnt !inlist(estimator, 4, 20) & !inlist(cbps_pct, 80, 93) // drop "raw" and "prog";  all these different targets were overkill

. local 2ns     inlist(N, 50, 1000)

. 
. // box plots of impact estimates
. levelsof N, local(Narray)
25 50 100 200 1000

. set scheme s2manual_KAK

. graph hbox impact_est if `ifstmnt' & `2ns', over(estimator) nooutsides ytitle("") note("") ysize(6.5) xsize(6.5) ylab(0) by(N augmented, norescale colfirst iscale(*.6) iylabel ti
> tle("") note("Outside values not shown", size(vsmall)))

. graph save   sims/sim`sim'/hbox_impact_est.gph, replace
(file sims/sim11/hbox_impact_est.gph saved)

. graph export sims/sim`sim'/hbox_impact_est.emf, replace
(file C:\Users\kkranker\Documents\Stata\Ado\Devel\gmatch\sims/sim11/hbox_impact_est.emf written in Enhanced Metafile format)

. graph export sims/sim`sim'/hbox_impact_est.png, replace
(file sims/sim11/hbox_impact_est.png written in PNG format)

. 
. // collapse down to 1 row per scenario/estimator
. isid rep `scenario'

. collapse (count) n_reps=impact_est n_reps_attempt=rep ///
>          (mean) `stats' ///
>          (firstnm) `sumstats' ///
>          (max) n_reps_attempt_alt = rep ///
>          , by(`scenario')

. assert n_reps_attempt_alt == n_reps_attempt

. drop   n_reps_attempt_alt

. 
. // format numbers so tables look good
. replace reject_0 = reject_0*100
(174 real changes made)

. replace covered  = covered*100
(172 real changes made)

. format %7.1fc reject_0 covered wgt_max

. format %7.0fc n_reps*

. format %7.3fc power_zstat_0 p_0 bal_max_asd bal_mean_asd wgt_sd wgt_cv wgt_skewness wgt_kurtosis

. format %7.2fc impact_est sd_error bias error_sqr rmse impact_est_var

. 
. // wide tables with ALL the results - columns are N's and reg-adjusted
. foreach v of var n_reps* `stats' `sumstats' {
  2.   di _n(2) as res `"`v'  `:var lab `v''"'
  3.   tabdisp estimator N augmented, c(`v') format(`:format `v'')
  4. }


n_reps  (count) impact_est

------------------------------------------------------------------------------------
            |                            augmented and N                            
RECODE of   | -------------- IPW --------------    -------------- WLS --------------
estimator   |    25     50    100    200   1000       25     50    100    200   1000
------------+-----------------------------------------------------------------------
      LOGIT | 4,911  4,999  5,000  5,000  5,000    4,911  4,999  5,000  5,000  5,000
         RF | 5,000  5,000  4,998  4,992  4,866    5,000  5,000  4,998  4,992  4,866
       PROG |    23                   95              23                   95       
     CBPS-O | 4,936  4,988  5,000  5,000  5,000    4,936  4,988  5,000  5,000  5,000
     CBPS-J | 4,977  4,998  5,000  5,000  5,000    4,977  4,998  5,000  5,000  5,000
PCBPS-99.9% | 4,944  4,979  4,988  4,997  4,998    4,944  4,979  4,988  4,997  4,998
  PCBPS-99% | 4,943  4,979  4,996  4,999  5,000    4,943  4,979  4,996  4,999  5,000
  PCBPS-98% | 4,957  4,984  4,997  5,000  5,000    4,957  4,984  4,997  5,000  5,000
  PCBPS-97% | 4,932  4,981  4,995  4,999  5,000    4,932  4,981  4,995  4,999  5,000
  PCBPS-95% | 4,959  4,988  4,996  4,996  5,000    4,959  4,988  4,996  4,996  5,000
  PCBPS-93% | 4,974  4,993  4,996  5,000  5,000    4,974  4,993  4,996  5,000  5,000
  PCBPS-90% | 4,976  4,997  4,998  4,999  5,000    4,976  4,997  4,998  4,999  5,000
  PCBPS-85% | 4,977  4,995  4,998  4,999  5,000    4,977  4,995  4,998  4,999  5,000
  PCBPS-80% | 4,988  4,996  4,998  5,000  5,000    4,988  4,996  4,998  5,000  5,000
  PCBPS-75% | 4,991  4,997  4,998  4,999  5,000    4,991  4,997  4,998  4,999  5,000
  PCBPS-50% | 4,995  5,000  4,999  5,000  5,000    4,995  5,000  4,999  5,000  5,000
       TRUE | 5,000  5,000  5,000  5,000  5,000    5,000  5,000  5,000  5,000  5,000
        RAW | 5,000  5,000  5,000  5,000  5,000    5,000  5,000  5,000  5,000  5,000
------------------------------------------------------------------------------------


n_reps_attempt  (count) rep

------------------------------------------------------------------------------------
            |                            augmented and N                            
RECODE of   | -------------- IPW --------------    -------------- WLS --------------
estimator   |    25     50    100    200   1000       25     50    100    200   1000
------------+-----------------------------------------------------------------------
      LOGIT | 5,000  5,000  5,000  5,000  5,000    5,000  5,000  5,000  5,000  5,000
         RF | 5,000  5,000  5,000  5,000  5,000    5,000  5,000  5,000  5,000  5,000
       PROG | 5,000                5,000           5,000                5,000       
     CBPS-O | 5,000  5,000  5,000  5,000  5,000    5,000  5,000  5,000  5,000  5,000
     CBPS-J | 5,000  5,000  5,000  5,000  5,000    5,000  5,000  5,000  5,000  5,000
PCBPS-99.9% | 5,000  5,000  5,000  5,000  5,000    5,000  5,000  5,000  5,000  5,000
  PCBPS-99% | 5,000  5,000  5,000  5,000  5,000    5,000  5,000  5,000  5,000  5,000
  PCBPS-98% | 5,000  5,000  5,000  5,000  5,000    5,000  5,000  5,000  5,000  5,000
  PCBPS-97% | 5,000  5,000  5,000  5,000  5,000    5,000  5,000  5,000  5,000  5,000
  PCBPS-95% | 5,000  5,000  5,000  5,000  5,000    5,000  5,000  5,000  5,000  5,000
  PCBPS-93% | 5,000  5,000  5,000  5,000  5,000    5,000  5,000  5,000  5,000  5,000
  PCBPS-90% | 5,000  5,000  5,000  5,000  5,000    5,000  5,000  5,000  5,000  5,000
  PCBPS-85% | 5,000  5,000  5,000  5,000  5,000    5,000  5,000  5,000  5,000  5,000
  PCBPS-80% | 5,000  5,000  5,000  5,000  5,000    5,000  5,000  5,000  5,000  5,000
  PCBPS-75% | 5,000  5,000  5,000  5,000  5,000    5,000  5,000  5,000  5,000  5,000
  PCBPS-50% | 5,000  5,000  5,000  5,000  5,000    5,000  5,000  5,000  5,000  5,000
       TRUE | 5,000  5,000  5,000  5,000  5,000    5,000  5,000  5,000  5,000  5,000
        RAW | 5,000  5,000  5,000  5,000  5,000    5,000  5,000  5,000  5,000  5,000
------------------------------------------------------------------------------------


impact_est  (mean) impact_est

----------------------------------------------------------------------------------------------
            |                                 augmented and N                                 
RECODE of   | ----------------- IPW ----------------    ----------------- WLS ----------------
estimator   |     25      50     100     200    1000        25      50     100     200    1000
------------+---------------------------------------------------------------------------------
      LOGIT |  -9.13   -6.13   -3.94   -1.97    1.17     -4.31   -4.51   -4.79   -5.21   -5.96
         RF | -20.21  -11.14  -10.45  -10.40   -7.93     -5.44   -4.22   -3.84   -3.65   -2.83
       PROG |  -4.41                   -5.82             -2.29                   -5.55        
     CBPS-O | -10.88   -8.93   -7.66   -6.63   -4.78     -4.39   -4.60   -4.85   -5.23   -5.94
     CBPS-J |  -7.88   -5.74   -5.20   -5.31   -5.96     -4.31   -4.42   -4.70   -5.13   -5.90
PCBPS-99.9% |  -7.48   -5.58   -5.13   -5.29   -5.95     -4.22   -4.39   -4.69   -5.12   -5.90
  PCBPS-99% |  -7.54   -5.62   -5.16   -5.32   -5.99     -4.25   -4.40   -4.69   -5.13   -5.90
  PCBPS-98% |  -7.57   -5.69   -5.24   -5.41   -6.11     -4.23   -4.42   -4.70   -5.13   -5.90
  PCBPS-97% |  -7.62   -5.77   -5.33   -5.52   -6.22     -4.26   -4.42   -4.70   -5.14   -5.90
  PCBPS-95% |  -7.82   -6.00   -5.57   -5.76   -6.47     -4.28   -4.45   -4.72   -5.15   -5.90
  PCBPS-93% |  -8.04   -6.23   -5.81   -6.02   -6.71     -4.29   -4.46   -4.74   -5.16   -5.90
  PCBPS-90% |  -8.37   -6.58   -6.21   -6.42   -7.09     -4.33   -4.49   -4.77   -5.18   -5.90
  PCBPS-85% |  -8.89   -7.23   -6.89   -7.12   -7.75     -4.40   -4.56   -4.82   -5.22   -5.91
  PCBPS-80% |  -9.50   -7.90   -7.61   -7.85   -8.44     -4.48   -4.62   -4.87   -5.26   -5.91
  PCBPS-75% | -10.07   -8.59   -8.37   -8.61   -9.16     -4.54   -4.69   -4.94   -5.30   -5.91
  PCBPS-50% | -13.28  -12.45  -12.59  -12.95  -13.34     -4.89   -5.08   -5.31   -5.57   -5.92
       TRUE |  -3.64   -2.00   -0.91   -0.46   -0.08     -1.70   -0.97   -0.47   -0.29   -0.04
        RAW | -20.21  -20.09  -20.03  -20.00  -19.99     -5.44   -5.78   -6.11   -6.34   -6.51
----------------------------------------------------------------------------------------------


sd_error  (mean) sd_error

------------------------------------------------------------------------------------
            |                            augmented and N                            
RECODE of   | -------------- IPW --------------    -------------- WLS --------------
estimator   |    25     50    100    200   1000       25     50    100    200   1000
------------+-----------------------------------------------------------------------
      LOGIT | 15.00  11.85   9.38   7.69   5.37     6.05   4.53   3.38   2.50   1.28
         RF | 13.98  10.69   7.64   5.33   2.42     7.15   4.75   3.46   2.48   1.14
       PROG | 15.40                 6.33            6.51                 2.45       
     CBPS-O | 14.85  11.27   8.45   6.48   3.81     6.19   4.57   3.40   2.51   1.32
     CBPS-J | 15.59  12.05   8.98   6.65   3.41     5.93   4.57   3.45   2.56   1.35
PCBPS-99.9% | 15.61  12.06   8.98   6.66   3.41     5.91   4.56   3.45   2.56   1.35
  PCBPS-99% | 15.59  12.06   8.98   6.65   3.40     5.92   4.56   3.45   2.56   1.35
  PCBPS-98% | 15.59  12.04   8.96   6.63   3.38     5.92   4.57   3.45   2.56   1.35
  PCBPS-97% | 15.59  12.02   8.94   6.61   3.36     5.93   4.56   3.45   2.56   1.35
  PCBPS-95% | 15.54  11.97   8.89   6.56   3.32     5.94   4.57   3.44   2.56   1.34
  PCBPS-93% | 15.51  11.92   8.84   6.52   3.28     5.96   4.57   3.44   2.55   1.34
  PCBPS-90% | 15.45  11.84   8.76   6.44   3.23     5.99   4.57   3.44   2.55   1.34
  PCBPS-85% | 15.35  11.69   8.62   6.31   3.13     6.02   4.57   3.43   2.54   1.34
  PCBPS-80% | 15.24  11.54   8.48   6.19   3.04     6.06   4.58   3.43   2.53   1.33
  PCBPS-75% | 15.14  11.40   8.34   6.06   2.95     6.11   4.58   3.42   2.53   1.32
  PCBPS-50% | 14.64  10.72   7.69   5.50   2.54     6.40   4.65   3.42   2.50   1.27
       TRUE | 15.46  11.76   8.86   6.53   3.10     6.64   4.74   3.53   2.63   1.34
        RAW | 13.98   9.89   6.98   4.94   2.20     7.15   4.95   3.53   2.52   1.16
------------------------------------------------------------------------------------


bias  (mean) bias

----------------------------------------------------------------------------------------------
            |                                 augmented and N                                 
RECODE of   | ----------------- IPW ----------------    ----------------- WLS ----------------
estimator   |     25      50     100     200    1000        25      50     100     200    1000
------------+---------------------------------------------------------------------------------
      LOGIT |  -9.13   -6.13   -3.94   -1.97    1.17     -4.31   -4.51   -4.79   -5.21   -5.96
         RF | -20.21  -11.14  -10.45  -10.40   -7.93     -5.44   -4.22   -3.84   -3.65   -2.83
       PROG |  -4.41                   -5.82             -2.29                   -5.55        
     CBPS-O | -10.88   -8.93   -7.66   -6.63   -4.78     -4.39   -4.60   -4.85   -5.23   -5.94
     CBPS-J |  -7.88   -5.74   -5.20   -5.31   -5.96     -4.31   -4.42   -4.70   -5.13   -5.90
PCBPS-99.9% |  -7.48   -5.58   -5.13   -5.29   -5.95     -4.22   -4.39   -4.69   -5.12   -5.90
  PCBPS-99% |  -7.54   -5.62   -5.16   -5.32   -5.99     -4.25   -4.40   -4.69   -5.13   -5.90
  PCBPS-98% |  -7.57   -5.69   -5.24   -5.41   -6.11     -4.23   -4.42   -4.70   -5.13   -5.90
  PCBPS-97% |  -7.62   -5.77   -5.33   -5.52   -6.22     -4.26   -4.42   -4.70   -5.14   -5.90
  PCBPS-95% |  -7.82   -6.00   -5.57   -5.76   -6.47     -4.28   -4.45   -4.72   -5.15   -5.90
  PCBPS-93% |  -8.04   -6.23   -5.81   -6.02   -6.71     -4.29   -4.46   -4.74   -5.16   -5.90
  PCBPS-90% |  -8.37   -6.58   -6.21   -6.42   -7.09     -4.33   -4.49   -4.77   -5.18   -5.90
  PCBPS-85% |  -8.89   -7.23   -6.89   -7.12   -7.75     -4.40   -4.56   -4.82   -5.22   -5.91
  PCBPS-80% |  -9.50   -7.90   -7.61   -7.85   -8.44     -4.48   -4.62   -4.87   -5.26   -5.91
  PCBPS-75% | -10.07   -8.59   -8.37   -8.61   -9.16     -4.54   -4.69   -4.94   -5.30   -5.91
  PCBPS-50% | -13.28  -12.45  -12.59  -12.95  -13.34     -4.89   -5.08   -5.31   -5.57   -5.92
       TRUE |  -3.64   -2.00   -0.91   -0.46   -0.08     -1.70   -0.97   -0.47   -0.29   -0.04
        RAW | -20.21  -20.09  -20.03  -20.00  -19.99     -5.44   -5.78   -6.11   -6.34   -6.51
----------------------------------------------------------------------------------------------


error_sqr  (mean) error_sqr

----------------------------------------------------------------------------------------------
            |                                 augmented and N                                 
RECODE of   | ----------------- IPW ----------------    ----------------- WLS ----------------
estimator   |     25      50     100     200    1000        25      50     100     200    1000
------------+---------------------------------------------------------------------------------
      LOGIT | 184.77  103.28   73.43   78.32  113.52     77.83   50.40   39.69   37.15   39.93
         RF | 603.92  173.64  130.18  117.86   64.50     87.67   41.95   25.02   17.56    8.68
       PROG | 180.13                   43.51             72.46                   39.23        
     CBPS-O | 213.10  118.33   77.90   54.76   28.65     78.04   50.05   39.54   36.74   38.32
     CBPS-J | 169.28   80.01   50.35   40.13   39.05     86.95   54.03   40.64   36.68   37.76
PCBPS-99.9% | 151.34   73.95   47.77   39.51   38.77     85.28   53.56   40.41   36.65   37.74
  PCBPS-99% | 151.63   74.10   48.06   39.78   39.23     85.05   53.61   40.38   36.66   37.75
  PCBPS-98% | 151.95   74.83   48.77   40.64   40.65     85.44   53.53   40.42   36.68   37.75
  PCBPS-97% | 151.78   75.70   49.51   41.69   42.03     85.15   53.53   40.41   36.69   37.75
  PCBPS-95% | 155.07   78.00   51.76   44.17   44.99     84.98   53.45   40.42   36.75   37.74
  PCBPS-93% | 158.80   80.67   54.26   46.99   48.15     84.49   53.34   40.42   36.77   37.72
  PCBPS-90% | 163.74   84.17   58.66   51.64   53.29     84.24   53.10   40.45   36.84   37.70
  PCBPS-85% | 172.37   92.69   66.95   60.76   62.88     83.54   52.99   40.49   36.96   37.66
  PCBPS-80% | 185.55  102.61   77.29   71.54   73.87     83.14   52.80   40.60   37.11   37.60
  PCBPS-75% | 197.99  114.96   89.63   83.93   86.40     82.81   52.76   40.84   37.26   37.53
  PCBPS-50% | 292.69  208.25  185.43  182.04  181.23     81.63   53.68   42.90   39.03   37.22
       TRUE | 324.28  169.22   92.55   47.57   10.05     62.50   30.35   16.37    9.02    2.07
        RAW | 603.92  500.05  450.49  424.82  404.36     87.67   59.81   50.93   47.13   43.86
----------------------------------------------------------------------------------------------


p_0  (mean) p_0

------------------------------------------------------------------------------------
            |                            augmented and N                            
RECODE of   | -------------- IPW --------------    -------------- WLS --------------
estimator   |    25     50    100    200   1000       25     50    100    200   1000
------------+-----------------------------------------------------------------------
      LOGIT | 0.516  0.528  0.518  0.497  0.467    0.385  0.349  0.277  0.163  0.003
         RF | 0.266  0.357  0.240  0.092  0.004    0.415  0.388  0.348  0.242  0.042
       PROG | 0.534                0.404           0.441                0.135       
     CBPS-O | 0.482  0.452  0.397  0.337  0.225    0.392  0.351  0.274  0.158  0.002
     CBPS-J | 0.572  0.596  0.561  0.457  0.112    0.362  0.342  0.284  0.172  0.003
PCBPS-99.9% | 0.580  0.601  0.562  0.458  0.112    0.363  0.343  0.284  0.172  0.003
  PCBPS-99% | 0.579  0.600  0.561  0.456  0.109    0.363  0.342  0.284  0.172  0.003
  PCBPS-98% | 0.579  0.598  0.557  0.449  0.100    0.364  0.343  0.284  0.172  0.003
  PCBPS-97% | 0.578  0.596  0.553  0.440  0.092    0.364  0.343  0.284  0.171  0.003
  PCBPS-95% | 0.574  0.589  0.540  0.420  0.076    0.365  0.343  0.283  0.169  0.003
  PCBPS-93% | 0.569  0.581  0.526  0.398  0.063    0.367  0.342  0.282  0.168  0.003
  PCBPS-90% | 0.562  0.569  0.502  0.364  0.045    0.369  0.343  0.281  0.165  0.002
  PCBPS-85% | 0.550  0.544  0.460  0.308  0.025    0.371  0.342  0.278  0.161  0.002
  PCBPS-80% | 0.534  0.515  0.415  0.253  0.012    0.373  0.342  0.275  0.157  0.002
  PCBPS-75% | 0.518  0.485  0.368  0.203  0.005    0.376  0.342  0.271  0.152  0.002
  PCBPS-50% | 0.425  0.325  0.170  0.048  0.000    0.391  0.337  0.246  0.124  0.001
       TRUE | 0.450  0.469  0.472  0.478  0.493    0.451  0.458  0.457  0.457  0.478
        RAW | 0.266  0.141  0.044  0.004  0.000    0.415  0.329  0.201  0.074  0.000
------------------------------------------------------------------------------------


reject_0  (mean) reject_0

------------------------------------------------------------------------------------
            |                            augmented and N                            
RECODE of   | -------------- IPW --------------    -------------- WLS --------------
estimator   |    25     50    100    200   1000       25     50    100    200   1000
------------+-----------------------------------------------------------------------
      LOGIT |   4.3    2.8    1.8    2.6    6.4     16.8   21.2   32.2   52.7   98.8
         RF |  27.5    9.2   17.0   48.1   99.6     12.2   15.3   17.7   27.5   76.9
       PROG |   4.3                  1.1            13.0                 58.9       
     CBPS-O |   5.1    3.5    3.8    6.9   24.1     16.0   20.6   31.7   53.0   99.0
     CBPS-J |   4.3    2.0    1.6    1.6   31.6     19.6   22.6   31.7   51.3   98.7
PCBPS-99.9% |   3.3    1.4    1.3    1.5   31.5     19.5   22.6   31.7   51.2   98.7
  PCBPS-99% |   3.5    1.5    1.3    1.6   32.6     19.4   22.6   31.7   51.2   98.7
  PCBPS-98% |   3.4    1.5    1.3    1.7   36.2     19.4   22.7   31.8   51.3   98.8
  PCBPS-97% |   3.4    1.6    1.4    1.7   40.1     19.3   22.6   31.8   51.4   98.8
  PCBPS-95% |   3.5    1.7    1.5    2.1   48.0     19.2   22.6   31.9   51.6   98.9
  PCBPS-93% |   3.6    1.7    1.7    2.3   55.9     18.8   22.6   31.8   51.8   99.0
  PCBPS-90% |   3.9    1.9    2.1    3.1   69.6     18.6   22.4   32.0   52.2   99.1
  PCBPS-85% |   4.1    2.3    2.6    4.9   86.6     18.3   22.1   32.0   52.8   99.2
  PCBPS-80% |   4.6    3.0    3.4    8.2   95.6     18.0   22.1   32.3   53.3   99.2
  PCBPS-75% |   5.2    3.7    4.7   13.3   99.2     17.5   22.0   32.3   54.1   99.4
  PCBPS-50% |   9.3   11.3   27.5   71.9  100.0     15.1   21.2   34.7   59.1   99.7
       TRUE |  10.1    8.1    7.8    6.9    5.6      9.3    9.1    8.8    8.6    6.7
        RAW |  27.5   51.1   80.9   97.9  100.0     12.2   20.7   39.6   70.8  100.0
------------------------------------------------------------------------------------


covered  (mean) covered

--------------------------------------------------------------------------
            |                       augmented and N                       
RECODE of   | ------------ IPW -----------    ------------ WLS -----------
estimator   |   25    50   100   200  1000      25    50   100   200  1000
------------+-------------------------------------------------------------
      LOGIT | 95.7  97.2  98.2  97.4  93.6    83.2  78.8  67.8  47.3   1.2
         RF | 72.5  90.8  83.0  51.9   0.4    87.8  84.7  82.3  72.5  23.1
       PROG | 95.7              98.9          87.0              41.1      
     CBPS-O | 94.9  96.5  96.2  93.1  75.9    84.0  79.4  68.3  47.0   1.0
     CBPS-J | 95.7  98.0  98.4  98.4  68.4    80.4  77.4  68.3  48.7   1.3
PCBPS-99.9% | 96.7  98.6  98.7  98.5  68.5    80.5  77.4  68.3  48.8   1.3
  PCBPS-99% | 96.5  98.5  98.7  98.4  67.4    80.6  77.4  68.3  48.8   1.3
  PCBPS-98% | 96.6  98.5  98.7  98.3  63.8    80.6  77.3  68.2  48.7   1.2
  PCBPS-97% | 96.6  98.4  98.6  98.3  59.9    80.7  77.4  68.2  48.6   1.2
  PCBPS-95% | 96.5  98.3  98.5  97.9  52.0    80.8  77.4  68.1  48.4   1.1
  PCBPS-93% | 96.4  98.3  98.3  97.7  44.1    81.2  77.4  68.2  48.2   1.0
  PCBPS-90% | 96.1  98.1  97.9  96.9  30.4    81.4  77.6  68.0  47.8   0.9
  PCBPS-85% | 95.9  97.7  97.4  95.1  13.4    81.7  77.9  68.0  47.2   0.8
  PCBPS-80% | 95.4  97.0  96.6  91.8   4.4    82.0  77.9  67.7  46.7   0.8
  PCBPS-75% | 94.8  96.3  95.3  86.7   0.8    82.5  78.0  67.7  45.9   0.6
  PCBPS-50% | 90.7  88.7  72.5  28.1   0.0    84.9  78.8  65.3  40.9   0.3
       TRUE | 89.9  91.9  92.2  93.1  94.4    90.7  90.9  91.2  91.4  93.3
        RAW | 72.5  48.9  19.1   2.1   0.0    87.8  79.3  60.4  29.2   0.0
--------------------------------------------------------------------------


bal_max_asd  (mean) bal_max_asd

------------------------------------------------------------------------------------
            |                            augmented and N                            
RECODE of   | -------------- IPW --------------    -------------- WLS --------------
estimator   |    25     50    100    200   1000       25     50    100    200   1000
------------+-----------------------------------------------------------------------
      LOGIT | 0.392  0.270  0.216  0.202  0.224    0.392  0.270  0.216  0.202  0.224
         RF | 0.856  0.467  0.367  0.352  0.256    0.856  0.467  0.367  0.352  0.256
       PROG | 0.765                0.105           0.765                0.105       
     CBPS-O | 0.438  0.284  0.195  0.139  0.082    0.438  0.284  0.195  0.139  0.082
     CBPS-J | 0.240  0.077  0.027  0.011  0.004    0.240  0.077  0.027  0.011  0.004
PCBPS-99.9% | 0.226  0.070  0.024  0.010  0.004    0.226  0.070  0.024  0.010  0.004
  PCBPS-99% | 0.227  0.072  0.025  0.011  0.005    0.227  0.072  0.025  0.011  0.005
  PCBPS-98% | 0.229  0.075  0.028  0.015  0.010    0.229  0.075  0.028  0.015  0.010
  PCBPS-97% | 0.231  0.078  0.032  0.019  0.015    0.231  0.078  0.032  0.019  0.015
  PCBPS-95% | 0.240  0.088  0.042  0.029  0.024    0.240  0.088  0.042  0.029  0.024
  PCBPS-93% | 0.250  0.099  0.053  0.040  0.035    0.250  0.099  0.053  0.040  0.035
  PCBPS-90% | 0.264  0.115  0.071  0.057  0.050    0.264  0.115  0.071  0.057  0.050
  PCBPS-85% | 0.290  0.146  0.101  0.087  0.078    0.290  0.146  0.101  0.087  0.078
  PCBPS-80% | 0.320  0.179  0.134  0.119  0.108    0.320  0.179  0.134  0.119  0.108
  PCBPS-75% | 0.351  0.213  0.168  0.153  0.139    0.351  0.213  0.168  0.153  0.139
  PCBPS-50% | 0.516  0.399  0.359  0.345  0.328    0.516  0.399  0.359  0.345  0.328
       TRUE | 0.699  0.512  0.378  0.277  0.132    0.699  0.512  0.378  0.277  0.132
        RAW | 0.856  0.783  0.750  0.738  0.733    0.856  0.783  0.750  0.738  0.733
------------------------------------------------------------------------------------


wgt_sd  (mean) wgt_sd

------------------------------------------------------------------------------------
            |                            augmented and N                            
RECODE of   | -------------- IPW --------------    -------------- WLS --------------
estimator   |    25     50    100    200   1000       25     50    100    200   1000
------------+-----------------------------------------------------------------------
      LOGIT | 0.638  0.678  0.736  0.862  1.357    0.638  0.678  0.736  0.862  1.357
         RF | 0.000  0.348  0.390  0.371  0.408    0.000  0.348  0.390  0.371  0.408
       PROG | 0.645                0.624           0.645                0.624       
     CBPS-O | 0.531  0.524  0.533  0.576  0.766    0.531  0.524  0.533  0.576  0.766
     CBPS-J | 0.759  0.728  0.680  0.657  0.679    0.759  0.728  0.680  0.657  0.679
PCBPS-99.9% | 0.760  0.729  0.680  0.658  0.679    0.760  0.729  0.680  0.658  0.679
  PCBPS-99% | 0.759  0.727  0.679  0.656  0.677    0.759  0.727  0.679  0.656  0.677
  PCBPS-98% | 0.754  0.723  0.675  0.652  0.670    0.754  0.723  0.675  0.652  0.670
  PCBPS-97% | 0.747  0.718  0.670  0.647  0.664    0.747  0.718  0.670  0.647  0.664
  PCBPS-95% | 0.737  0.706  0.659  0.635  0.651    0.737  0.706  0.659  0.635  0.651
  PCBPS-93% | 0.724  0.694  0.647  0.624  0.638    0.724  0.694  0.647  0.624  0.638
  PCBPS-90% | 0.704  0.675  0.628  0.605  0.618    0.704  0.675  0.628  0.605  0.618
  PCBPS-85% | 0.670  0.641  0.596  0.574  0.585    0.670  0.641  0.596  0.574  0.585
  PCBPS-80% | 0.634  0.607  0.564  0.542  0.551    0.634  0.607  0.564  0.542  0.551
  PCBPS-75% | 0.598  0.572  0.531  0.510  0.518    0.598  0.572  0.531  0.510  0.518
  PCBPS-50% | 0.417  0.397  0.367  0.350  0.350    0.417  0.397  0.367  0.350  0.350
       TRUE | 0.519  0.574  0.615  0.642  0.672    0.519  0.574  0.615  0.642  0.672
        RAW | 0.000  0.000  0.000  0.000  0.000    0.000  0.000  0.000  0.000  0.000
------------------------------------------------------------------------------------


wgt_cv  (mean) wgt_cv

------------------------------------------------------------------------------------
            |                            augmented and N                            
RECODE of   | -------------- IPW --------------    -------------- WLS --------------
estimator   |    25     50    100    200   1000       25     50    100    200   1000
------------+-----------------------------------------------------------------------
      LOGIT | 0.638  0.678  0.736  0.862  1.357    0.638  0.678  0.736  0.862  1.357
         RF | 0.000  0.348  0.390  0.371  0.408    0.000  0.348  0.390  0.371  0.408
       PROG | 0.645                0.624           0.645                0.624       
     CBPS-O | 0.531  0.524  0.533  0.576  0.766    0.531  0.524  0.533  0.576  0.766
     CBPS-J | 0.759  0.728  0.680  0.657  0.679    0.759  0.728  0.680  0.657  0.679
PCBPS-99.9% | 0.760  0.729  0.680  0.658  0.679    0.760  0.729  0.680  0.658  0.679
  PCBPS-99% | 0.759  0.727  0.679  0.656  0.677    0.759  0.727  0.679  0.656  0.677
  PCBPS-98% | 0.754  0.723  0.675  0.652  0.670    0.754  0.723  0.675  0.652  0.670
  PCBPS-97% | 0.747  0.718  0.670  0.647  0.664    0.747  0.718  0.670  0.647  0.664
  PCBPS-95% | 0.737  0.706  0.659  0.635  0.651    0.737  0.706  0.659  0.635  0.651
  PCBPS-93% | 0.724  0.694  0.647  0.624  0.638    0.724  0.694  0.647  0.624  0.638
  PCBPS-90% | 0.704  0.675  0.628  0.605  0.618    0.704  0.675  0.628  0.605  0.618
  PCBPS-85% | 0.670  0.641  0.596  0.574  0.585    0.670  0.641  0.596  0.574  0.585
  PCBPS-80% | 0.634  0.607  0.564  0.542  0.551    0.634  0.607  0.564  0.542  0.551
  PCBPS-75% | 0.598  0.572  0.531  0.510  0.518    0.598  0.572  0.531  0.510  0.518
  PCBPS-50% | 0.417  0.397  0.367  0.350  0.350    0.417  0.397  0.367  0.350  0.350
       TRUE | 0.519  0.574  0.615  0.642  0.672    0.519  0.574  0.615  0.642  0.672
        RAW | 0.000  0.000  0.000  0.000  0.000    0.000  0.000  0.000  0.000  0.000
------------------------------------------------------------------------------------


wgt_max  (mean) wgt_max

--------------------------------------------------------------------------
            |                       augmented and N                       
RECODE of   | ------------ IPW -----------    ------------ WLS -----------
estimator   |   25    50   100   200  1000      25    50   100   200  1000
------------+-------------------------------------------------------------
      LOGIT |  3.3   4.4   6.1   9.7  34.3     3.3   4.4   6.1   9.7  34.3
         RF |  1.0   2.2   2.8   3.0   3.7     1.0   2.2   2.8   3.0   3.7
       PROG |  3.2               5.9           3.2               5.9      
     CBPS-O |  2.8   3.3   4.2   5.8  16.3     2.8   3.3   4.2   5.8  16.3
     CBPS-J |  3.5   4.2   5.0   6.3  13.0     3.5   4.2   5.0   6.3  13.0
PCBPS-99.9% |  3.5   4.2   5.0   6.3  13.0     3.5   4.2   5.0   6.3  13.0
  PCBPS-99% |  3.5   4.2   5.0   6.2  12.9     3.5   4.2   5.0   6.2  12.9
  PCBPS-98% |  3.5   4.2   5.0   6.2  12.7     3.5   4.2   5.0   6.2  12.7
  PCBPS-97% |  3.5   4.2   4.9   6.1  12.6     3.5   4.2   4.9   6.1  12.6
  PCBPS-95% |  3.4   4.1   4.8   6.0  12.3     3.4   4.1   4.8   6.0  12.3
  PCBPS-93% |  3.4   4.0   4.8   5.9  11.9     3.4   4.0   4.8   5.9  11.9
  PCBPS-90% |  3.3   3.9   4.6   5.7  11.4     3.3   3.9   4.6   5.7  11.4
  PCBPS-85% |  3.2   3.8   4.4   5.4  10.6     3.2   3.8   4.4   5.4  10.6
  PCBPS-80% |  3.1   3.6   4.2   5.1   9.8     3.1   3.6   4.2   5.1   9.8
  PCBPS-75% |  2.9   3.4   3.9   4.7   9.0     2.9   3.4   3.9   4.7   9.0
  PCBPS-50% |  2.3   2.6   2.8   3.2   5.3     2.3   2.6   2.8   3.2   5.3
       TRUE |  2.7   3.5   4.6   5.8   9.4     2.7   3.5   4.6   5.8   9.4
        RAW |  1.0   1.0   1.0   1.0   1.0     1.0   1.0   1.0   1.0   1.0
--------------------------------------------------------------------------


power_zstat_0  (mean) power_zstat_0

------------------------------------------------------------------------------------
            |                            augmented and N                            
RECODE of   | -------------- IPW --------------    -------------- WLS --------------
estimator   |    25     50    100    200   1000       25     50    100    200   1000
------------+-----------------------------------------------------------------------
      LOGIT | 0.025  0.025  0.025  0.025  0.025    0.025  0.025  0.025  0.025  0.025
         RF | 0.025  0.025  0.025  0.025  0.025    0.025  0.025  0.025  0.025  0.025
       PROG | 0.025                0.025                                            
     CBPS-O | 0.025  0.025  0.025  0.025  0.025    0.025  0.025  0.025  0.025  0.025
     CBPS-J | 0.025  0.025  0.025  0.025  0.025    0.025  0.025  0.025  0.025  0.025
PCBPS-99.9% | 0.025  0.025  0.025  0.025  0.025    0.025  0.025  0.025  0.025  0.025
  PCBPS-99% | 0.025  0.025  0.025  0.025  0.025    0.025  0.025  0.025  0.025  0.025
  PCBPS-98% | 0.025  0.025  0.025  0.025  0.025    0.025  0.025  0.025  0.025  0.025
  PCBPS-97% | 0.025  0.025  0.025  0.025  0.025    0.025  0.025  0.025  0.025  0.025
  PCBPS-95% | 0.025  0.025  0.025  0.025  0.025    0.025  0.025  0.025  0.025  0.025
  PCBPS-93% | 0.025  0.025  0.025  0.025  0.025    0.025  0.025  0.025  0.025  0.025
  PCBPS-90% | 0.025  0.025  0.025  0.025  0.025    0.025  0.025  0.025  0.025  0.025
  PCBPS-85% | 0.025  0.025  0.025  0.025  0.025    0.025  0.025  0.025  0.025  0.025
  PCBPS-80% | 0.025  0.025  0.025  0.025  0.025    0.025  0.025  0.025  0.025  0.025
  PCBPS-75% | 0.025  0.025  0.025  0.025  0.025    0.025  0.025  0.025  0.025  0.025
  PCBPS-50% | 0.025  0.025  0.025  0.025  0.025    0.025  0.025  0.025  0.025  0.025
       TRUE | 0.025  0.025  0.025  0.025  0.025                                     
        RAW | 0.025  0.025  0.025  0.025  0.025    0.025  0.025  0.025  0.025  0.025
------------------------------------------------------------------------------------


bal_mean_asd  (mean) bal_mean_asd

------------------------------------------------------------------------------------
            |                            augmented and N                            
RECODE of   | -------------- IPW --------------    -------------- WLS --------------
estimator   |    25     50    100    200   1000       25     50    100    200   1000
------------+-----------------------------------------------------------------------
      LOGIT | 0.216  0.147  0.116  0.108  0.108    0.216  0.147  0.116  0.108  0.108
         RF | 0.475  0.274  0.205  0.179  0.121    0.475  0.274  0.205  0.179  0.121
       PROG | 0.447                0.063                                            
     CBPS-O | 0.240  0.152  0.105  0.076  0.044    0.240  0.152  0.105  0.076  0.044
     CBPS-J | 0.119  0.034  0.011  0.004  0.001    0.119  0.034  0.011  0.004  0.001
PCBPS-99.9% | 0.114  0.032  0.010  0.004  0.001    0.114  0.032  0.010  0.004  0.001
  PCBPS-99% | 0.115  0.032  0.010  0.004  0.002    0.115  0.032  0.010  0.004  0.002
  PCBPS-98% | 0.116  0.034  0.012  0.006  0.003    0.116  0.034  0.012  0.006  0.003
  PCBPS-97% | 0.117  0.035  0.013  0.007  0.005    0.117  0.035  0.013  0.007  0.005
  PCBPS-95% | 0.122  0.040  0.018  0.012  0.009    0.122  0.040  0.018  0.012  0.009
  PCBPS-93% | 0.127  0.045  0.023  0.016  0.012    0.127  0.045  0.023  0.016  0.012
  PCBPS-90% | 0.134  0.053  0.030  0.023  0.018    0.134  0.053  0.030  0.023  0.018
  PCBPS-85% | 0.148  0.067  0.044  0.036  0.028    0.148  0.067  0.044  0.036  0.028
  PCBPS-80% | 0.163  0.083  0.058  0.049  0.038    0.163  0.083  0.058  0.049  0.038
  PCBPS-75% | 0.179  0.099  0.073  0.063  0.049    0.179  0.099  0.073  0.063  0.049
  PCBPS-50% | 0.266  0.188  0.157  0.141  0.115    0.266  0.188  0.157  0.141  0.115
       TRUE | 0.398  0.289  0.211  0.155  0.073                                     
        RAW | 0.475  0.414  0.380  0.362  0.342    0.475  0.414  0.380  0.362  0.342
------------------------------------------------------------------------------------


wgt_skewness  (mean) wgt_skewness

------------------------------------------------------------------------------------
            |                            augmented and N                            
RECODE of   | -------------- IPW --------------    -------------- WLS --------------
estimator   |    25     50    100    200   1000       25     50    100    200   1000
------------+-----------------------------------------------------------------------
      LOGIT | 0.445  0.416  0.404  0.409  0.439    0.445  0.416  0.404  0.409  0.439
         RF |        0.217  0.217  0.150  0.067           0.217  0.217  0.150  0.067
       PROG | 0.177                0.282                                            
     CBPS-O | 0.378  0.338  0.320  0.319  0.347    0.378  0.338  0.320  0.319  0.347
     CBPS-J | 0.405  0.373  0.340  0.316  0.295    0.405  0.373  0.340  0.316  0.295
PCBPS-99.9% | 0.408  0.374  0.340  0.316  0.295    0.408  0.374  0.340  0.316  0.295
  PCBPS-99% | 0.408  0.373  0.340  0.316  0.294    0.408  0.373  0.340  0.316  0.294
  PCBPS-98% | 0.407  0.372  0.339  0.314  0.292    0.407  0.372  0.339  0.314  0.292
  PCBPS-97% | 0.406  0.372  0.338  0.313  0.289    0.406  0.372  0.338  0.313  0.289
  PCBPS-95% | 0.404  0.369  0.335  0.309  0.284    0.404  0.369  0.335  0.309  0.284
  PCBPS-93% | 0.402  0.366  0.331  0.305  0.279    0.402  0.366  0.331  0.305  0.279
  PCBPS-90% | 0.397  0.361  0.326  0.299  0.271    0.397  0.361  0.326  0.299  0.271
  PCBPS-85% | 0.389  0.352  0.316  0.288  0.256    0.389  0.352  0.316  0.288  0.256
  PCBPS-80% | 0.380  0.343  0.306  0.276  0.241    0.380  0.343  0.306  0.276  0.241
  PCBPS-75% | 0.370  0.333  0.295  0.264  0.225    0.370  0.333  0.295  0.264  0.225
  PCBPS-50% | 0.298  0.265  0.226  0.192  0.138    0.298  0.265  0.226  0.192  0.138
       TRUE | 0.369  0.353  0.317  0.272  0.165                                     
        RAW |                                                                       
------------------------------------------------------------------------------------


wgt_kurtosis  (mean) wgt_kurtosis

------------------------------------------------------------------------------------
            |                            augmented and N                            
RECODE of   | -------------- IPW --------------    -------------- WLS --------------
estimator   |    25     50    100    200   1000       25     50    100    200   1000
------------+-----------------------------------------------------------------------
      LOGIT | 0.344  0.291  0.270  0.276  0.311    0.344  0.291  0.270  0.276  0.311
         RF |        0.123  0.098  0.050  0.010           0.123  0.098  0.050  0.010
       PROG | 0.403                0.138                                            
     CBPS-O | 0.279  0.215  0.187  0.183  0.215    0.279  0.215  0.187  0.183  0.215
     CBPS-J | 0.280  0.228  0.190  0.168  0.161    0.280  0.228  0.190  0.168  0.161
PCBPS-99.9% | 0.283  0.229  0.190  0.168  0.161    0.283  0.229  0.190  0.168  0.161
  PCBPS-99% | 0.283  0.229  0.189  0.168  0.160    0.283  0.229  0.189  0.168  0.160
  PCBPS-98% | 0.282  0.228  0.189  0.167  0.158    0.282  0.228  0.189  0.167  0.158
  PCBPS-97% | 0.281  0.227  0.188  0.165  0.156    0.281  0.227  0.188  0.165  0.156
  PCBPS-95% | 0.280  0.225  0.186  0.163  0.152    0.280  0.225  0.186  0.163  0.152
  PCBPS-93% | 0.279  0.223  0.183  0.160  0.148    0.279  0.223  0.183  0.160  0.148
  PCBPS-90% | 0.276  0.220  0.179  0.155  0.142    0.276  0.220  0.179  0.155  0.142
  PCBPS-85% | 0.270  0.213  0.172  0.147  0.131    0.270  0.213  0.172  0.147  0.131
  PCBPS-80% | 0.264  0.207  0.165  0.138  0.120    0.264  0.207  0.165  0.138  0.120
  PCBPS-75% | 0.258  0.200  0.157  0.130  0.108    0.258  0.200  0.157  0.130  0.108
  PCBPS-50% | 0.217  0.158  0.114  0.084  0.051    0.217  0.158  0.114  0.084  0.051
       TRUE | 0.269  0.221  0.174  0.130  0.055                                     
        RAW |                                                                       
------------------------------------------------------------------------------------


Nt  (mean) Nt

----------------------------------------------------------------------------------------------
            |                                 augmented and N                                 
RECODE of   | ----------------- IPW ----------------    ----------------- WLS ----------------
estimator   |     25      50     100     200    1000        25      50     100     200    1000
------------+---------------------------------------------------------------------------------
      LOGIT | 12.482   24.98  49.911  99.978   500.1    12.482   24.98  49.911  99.978   500.1
         RF | 12.482   24.98  49.911  99.978   500.1    12.482   24.98  49.911  99.978   500.1
       PROG | 12.482                  99.978            12.482                  99.978        
     CBPS-O | 12.482   24.98  49.911  99.978   500.1    12.482   24.98  49.911  99.978   500.1
     CBPS-J | 12.482   24.98  49.911  99.978   500.1    12.482   24.98  49.911  99.978   500.1
PCBPS-99.9% | 12.482   24.98  49.911  99.978   500.1    12.482   24.98  49.911  99.978   500.1
  PCBPS-99% | 12.482   24.98  49.911  99.978   500.1    12.482   24.98  49.911  99.978   500.1
  PCBPS-98% | 12.482   24.98  49.911  99.978   500.1    12.482   24.98  49.911  99.978   500.1
  PCBPS-97% | 12.482   24.98  49.911  99.978   500.1    12.482   24.98  49.911  99.978   500.1
  PCBPS-95% | 12.482   24.98  49.911  99.978   500.1    12.482   24.98  49.911  99.978   500.1
  PCBPS-93% | 12.482   24.98  49.911  99.978   500.1    12.482   24.98  49.911  99.978   500.1
  PCBPS-90% | 12.482   24.98  49.911  99.978   500.1    12.482   24.98  49.911  99.978   500.1
  PCBPS-85% | 12.482   24.98  49.911  99.978   500.1    12.482   24.98  49.911  99.978   500.1
  PCBPS-80% | 12.482   24.98  49.911  99.978   500.1    12.482   24.98  49.911  99.978   500.1
  PCBPS-75% | 12.482   24.98  49.911  99.978   500.1    12.482   24.98  49.911  99.978   500.1
  PCBPS-50% | 12.482   24.98  49.911  99.978   500.1    12.482   24.98  49.911  99.978   500.1
       TRUE | 12.482   24.98  49.911  99.978   500.1    12.482   24.98  49.911  99.978   500.1
        RAW | 12.482   24.98  49.911  99.978   500.1    12.482   24.98  49.911  99.978   500.1
----------------------------------------------------------------------------------------------


rmse  (firstnm) rmse

------------------------------------------------------------------------------------
            |                            augmented and N                            
RECODE of   | -------------- IPW --------------    -------------- WLS --------------
estimator   |    25     50    100    200   1000       25     50    100    200   1000
------------+-----------------------------------------------------------------------
      LOGIT | 13.59  10.16   8.57   8.85  10.65     8.82   7.10   6.30   6.09   6.32
         RF | 24.57  13.18  11.41  10.86   8.03     9.36   6.48   5.00   4.19   2.95
       PROG | 13.42                 6.60            8.51                 6.26       
     CBPS-O | 14.60  10.88   8.83   7.40   5.35     8.83   7.07   6.29   6.06   6.19
     CBPS-J | 13.01   8.94   7.10   6.33   6.25     9.32   7.35   6.38   6.06   6.15
PCBPS-99.9% | 12.30   8.60   6.91   6.29   6.23     9.23   7.32   6.36   6.05   6.14
  PCBPS-99% | 12.31   8.61   6.93   6.31   6.26     9.22   7.32   6.35   6.05   6.14
  PCBPS-98% | 12.33   8.65   6.98   6.37   6.38     9.24   7.32   6.36   6.06   6.14
  PCBPS-97% | 12.32   8.70   7.04   6.46   6.48     9.23   7.32   6.36   6.06   6.14
  PCBPS-95% | 12.45   8.83   7.19   6.65   6.71     9.22   7.31   6.36   6.06   6.14
  PCBPS-93% | 12.60   8.98   7.37   6.86   6.94     9.19   7.30   6.36   6.06   6.14
  PCBPS-90% | 12.80   9.17   7.66   7.19   7.30     9.18   7.29   6.36   6.07   6.14
  PCBPS-85% | 13.13   9.63   8.18   7.80   7.93     9.14   7.28   6.36   6.08   6.14
  PCBPS-80% | 13.62  10.13   8.79   8.46   8.59     9.12   7.27   6.37   6.09   6.13
  PCBPS-75% | 14.07  10.72   9.47   9.16   9.30     9.10   7.26   6.39   6.10   6.13
  PCBPS-50% | 17.11  14.43  13.62  13.49  13.46     9.03   7.33   6.55   6.25   6.10
       TRUE | 18.01  13.01   9.62   6.90   3.17     7.91   5.51   4.05   3.00   1.44
        RAW | 24.57  22.36  21.22  20.61  20.11     9.36   7.73   7.14   6.87   6.62
------------------------------------------------------------------------------------


impact_est_var  (firstnm) impact_est_var

----------------------------------------------------------------------------------------------
            |                                 augmented and N                                 
RECODE of   | ----------------- IPW ----------------    ----------------- WLS ----------------
estimator   |     25      50     100     200    1000        25      50     100     200    1000
------------+---------------------------------------------------------------------------------
      LOGIT | 101.37   65.66   57.92   74.45  112.18     59.25   30.08   16.74   10.02    4.37
         RF | 195.57   49.55   20.98    9.61    1.65     58.08   24.17   10.24    4.24    0.65
       PROG | 167.98                    9.79             70.25                    8.48        
     CBPS-O |  94.80   38.66   19.20   10.79    5.85     58.77   28.93   16.00    9.41    3.07
     CBPS-J | 107.17   47.10   23.31   11.91    3.58     68.35   34.47   18.57   10.39    2.97
PCBPS-99.9% |  95.46   42.86   21.42   11.50    3.40     67.44   34.26   18.42   10.39    2.97
  PCBPS-99% |  94.76   42.54   21.39   11.48    3.40     67.02   34.25   18.41   10.37    2.97
  PCBPS-98% |  94.70   42.41   21.27   11.36    3.34     67.55   34.04   18.36   10.34    2.96
  PCBPS-97% |  93.78   42.44   21.07   11.24    3.29     66.99   34.05   18.31   10.30    2.94
  PCBPS-95% |  93.96   42.01   20.78   10.98    3.19     66.71   33.65   18.14   10.21    2.92
  PCBPS-93% |  94.19   41.84   20.45   10.79    3.09     66.12   33.42   17.97   10.11    2.89
  PCBPS-90% |  93.75   40.91   20.09   10.47    2.96     65.51   32.93   17.71    9.97    2.85
  PCBPS-85% |  93.42   40.49   19.54   10.11    2.76     64.22   32.18   17.29    9.72    2.78
  PCBPS-80% |  95.26   40.27   19.40    9.89    2.60     63.12   31.44   16.87    9.47    2.71
  PCBPS-75% |  96.67   41.26   19.65    9.82    2.46     62.24   30.77   16.48    9.21    2.63
  PCBPS-50% | 116.23   53.27   26.86   14.28    3.24     57.68   27.85   14.70    8.01    2.14
       TRUE | 311.08  165.23   91.74   47.37   10.04     59.60   29.42   16.15    8.94    2.07
        RAW | 195.57   96.40   49.16   24.75    4.86     58.08   26.42   13.57    6.90    1.42
----------------------------------------------------------------------------------------------

. 
. 
. di _n(10) "Tables with selected results" _n(10)










Tables with selected results











. 
. // tall table with columns as N's
. foreach v of var rmse bias impact_est_var {
  2.   di _n(2) as res `"`v'  `:var lab `v''"'
  3.   tabdisp estimator N augmented if `ifstmnt', c(`v') format(`:format `v'') cellwidth(6) csep(2)
  4. }


rmse  (firstnm) rmse

----------------------------------------------------------------------------------------------
            |                                 augmented and N                                 
RECODE of   | ----------------- IPW ----------------    ----------------- WLS ----------------
estimator   |     25      50     100     200    1000        25      50     100     200    1000
------------+---------------------------------------------------------------------------------
      LOGIT |  13.59   10.16    8.57    8.85   10.65      8.82    7.10    6.30    6.09    6.32
         RF |  24.57   13.18   11.41   10.86    8.03      9.36    6.48    5.00    4.19    2.95
     CBPS-O |  14.60   10.88    8.83    7.40    5.35      8.83    7.07    6.29    6.06    6.19
     CBPS-J |  13.01    8.94    7.10    6.33    6.25      9.32    7.35    6.38    6.06    6.15
PCBPS-99.9% |  12.30    8.60    6.91    6.29    6.23      9.23    7.32    6.36    6.05    6.14
  PCBPS-99% |  12.31    8.61    6.93    6.31    6.26      9.22    7.32    6.35    6.05    6.14
  PCBPS-98% |  12.33    8.65    6.98    6.37    6.38      9.24    7.32    6.36    6.06    6.14
  PCBPS-97% |  12.32    8.70    7.04    6.46    6.48      9.23    7.32    6.36    6.06    6.14
  PCBPS-95% |  12.45    8.83    7.19    6.65    6.71      9.22    7.31    6.36    6.06    6.14
  PCBPS-90% |  12.80    9.17    7.66    7.19    7.30      9.18    7.29    6.36    6.07    6.14
  PCBPS-85% |  13.13    9.63    8.18    7.80    7.93      9.14    7.28    6.36    6.08    6.14
  PCBPS-75% |  14.07   10.72    9.47    9.16    9.30      9.10    7.26    6.39    6.10    6.13
  PCBPS-50% |  17.11   14.43   13.62   13.49   13.46      9.03    7.33    6.55    6.25    6.10
       TRUE |  18.01   13.01    9.62    6.90    3.17      7.91    5.51    4.05    3.00    1.44
----------------------------------------------------------------------------------------------


bias  (mean) bias

----------------------------------------------------------------------------------------------
            |                                 augmented and N                                 
RECODE of   | ----------------- IPW ----------------    ----------------- WLS ----------------
estimator   |     25      50     100     200    1000        25      50     100     200    1000
------------+---------------------------------------------------------------------------------
      LOGIT |  -9.13   -6.13   -3.94   -1.97    1.17     -4.31   -4.51   -4.79   -5.21   -5.96
         RF | -20.21  -11.14  -10.45  -10.40   -7.93     -5.44   -4.22   -3.84   -3.65   -2.83
     CBPS-O | -10.88   -8.93   -7.66   -6.63   -4.78     -4.39   -4.60   -4.85   -5.23   -5.94
     CBPS-J |  -7.88   -5.74   -5.20   -5.31   -5.96     -4.31   -4.42   -4.70   -5.13   -5.90
PCBPS-99.9% |  -7.48   -5.58   -5.13   -5.29   -5.95     -4.22   -4.39   -4.69   -5.12   -5.90
  PCBPS-99% |  -7.54   -5.62   -5.16   -5.32   -5.99     -4.25   -4.40   -4.69   -5.13   -5.90
  PCBPS-98% |  -7.57   -5.69   -5.24   -5.41   -6.11     -4.23   -4.42   -4.70   -5.13   -5.90
  PCBPS-97% |  -7.62   -5.77   -5.33   -5.52   -6.22     -4.26   -4.42   -4.70   -5.14   -5.90
  PCBPS-95% |  -7.82   -6.00   -5.57   -5.76   -6.47     -4.28   -4.45   -4.72   -5.15   -5.90
  PCBPS-90% |  -8.37   -6.58   -6.21   -6.42   -7.09     -4.33   -4.49   -4.77   -5.18   -5.90
  PCBPS-85% |  -8.89   -7.23   -6.89   -7.12   -7.75     -4.40   -4.56   -4.82   -5.22   -5.91
  PCBPS-75% | -10.07   -8.59   -8.37   -8.61   -9.16     -4.54   -4.69   -4.94   -5.30   -5.91
  PCBPS-50% | -13.28  -12.45  -12.59  -12.95  -13.34     -4.89   -5.08   -5.31   -5.57   -5.92
       TRUE |  -3.64   -2.00   -0.91   -0.46   -0.08     -1.70   -0.97   -0.47   -0.29   -0.04
----------------------------------------------------------------------------------------------


impact_est_var  (firstnm) impact_est_var

----------------------------------------------------------------------------------------------
            |                                 augmented and N                                 
RECODE of   | ----------------- IPW ----------------    ----------------- WLS ----------------
estimator   |     25      50     100     200    1000        25      50     100     200    1000
------------+---------------------------------------------------------------------------------
      LOGIT | 101.37   65.66   57.92   74.45  112.18     59.25   30.08   16.74   10.02    4.37
         RF | 195.57   49.55   20.98    9.61    1.65     58.08   24.17   10.24    4.24    0.65
     CBPS-O |  94.80   38.66   19.20   10.79    5.85     58.77   28.93   16.00    9.41    3.07
     CBPS-J | 107.17   47.10   23.31   11.91    3.58     68.35   34.47   18.57   10.39    2.97
PCBPS-99.9% |  95.46   42.86   21.42   11.50    3.40     67.44   34.26   18.42   10.39    2.97
  PCBPS-99% |  94.76   42.54   21.39   11.48    3.40     67.02   34.25   18.41   10.37    2.97
  PCBPS-98% |  94.70   42.41   21.27   11.36    3.34     67.55   34.04   18.36   10.34    2.96
  PCBPS-97% |  93.78   42.44   21.07   11.24    3.29     66.99   34.05   18.31   10.30    2.94
  PCBPS-95% |  93.96   42.01   20.78   10.98    3.19     66.71   33.65   18.14   10.21    2.92
  PCBPS-90% |  93.75   40.91   20.09   10.47    2.96     65.51   32.93   17.71    9.97    2.85
  PCBPS-85% |  93.42   40.49   19.54   10.11    2.76     64.22   32.18   17.29    9.72    2.78
  PCBPS-75% |  96.67   41.26   19.65    9.82    2.46     62.24   30.77   16.48    9.21    2.63
  PCBPS-50% | 116.23   53.27   26.86   14.28    3.24     57.68   27.85   14.70    8.01    2.14
       TRUE | 311.08  165.23   91.74   47.37   10.04     59.60   29.42   16.15    8.94    2.07
----------------------------------------------------------------------------------------------

. 
. // table with columns for each statistic
. preserve

.   keep if `ifstmnt' & `2ns'
(118 observations deleted)

.   keep estimator N augmented wgt_cv wgt_skewness wgt_max bal_mean_asd bal_max_asd

.   keep if aug==0 // these stats are all identical for aug and non-aug estimators
(28 observations deleted)

.   local c=0

.   foreach v of var           wgt_cv wgt_skewness wgt_max bal_mean_asd bal_max_asd {
  2.     rename `v' stat`++c'
  3.     local def `macval(def)' `c' "`v'"
  4.   }

.   qui reshape long stat, i(estimator N augmented)

.   label define statname `def'

.   label val _j statname

.   tabdisp estimator  N _j, by(augmented) c(stat) cellwidth(6) csep(2)

----------------------------------------------------------------------------------------------------
augmented   |
and RECODE  |                                        _j and N                                       
of          | --- wgt_cv ---    - wgt_skewne -    --- wgt_max --    - bal_mean_a -    - bal_max_as -
estimator   |     50    1000        50    1000        50    1000        50    1000        50    1000
------------+---------------------------------------------------------------------------------------
IPW         |
      LOGIT |  0.678   1.357     0.416   0.439     4.370  34.315     0.147   0.108     0.270   0.224
         RF |  0.348   0.408     0.217   0.067     2.245   3.685     0.274   0.121     0.467   0.256
     CBPS-O |  0.524   0.766     0.338   0.347     3.317  16.321     0.152   0.044     0.284   0.082
     CBPS-J |  0.728   0.679     0.373   0.295     4.214  12.962     0.034   0.001     0.077   0.004
PCBPS-99.9% |  0.729   0.679     0.374   0.295     4.221  12.961     0.032   0.001     0.070   0.004
  PCBPS-99% |  0.727   0.677     0.373   0.294     4.211  12.900     0.032   0.002     0.072   0.005
  PCBPS-98% |  0.723   0.670     0.372   0.292     4.188  12.739     0.034   0.003     0.075   0.010
  PCBPS-97% |  0.718   0.664     0.372   0.289     4.167  12.582     0.035   0.005     0.078   0.015
  PCBPS-95% |  0.706   0.651     0.369   0.284     4.105  12.260     0.040   0.009     0.088   0.024
  PCBPS-90% |  0.675   0.618     0.361   0.271     3.943  11.447     0.053   0.018     0.115   0.050
  PCBPS-85% |  0.641   0.585     0.352   0.256     3.769  10.631     0.067   0.028     0.146   0.078
  PCBPS-75% |  0.572   0.518     0.333   0.225     3.420   9.019     0.099   0.049     0.213   0.139
  PCBPS-50% |  0.397   0.350     0.265   0.138     2.551   5.263     0.188   0.115     0.399   0.328
       TRUE |  0.574   0.672     0.353   0.165     3.535   9.379     0.289   0.073     0.512   0.132
----------------------------------------------------------------------------------------------------

. restore

. 
. log close sim`sim'_tables
      name:  sim11_tables
       log:  C:\Users\kkranker\Documents\Stata\Ado\Devel\gmatch\sims/sim11/summary_tables.log
  log type:  text
 closed on:   6 Mar 2019, 16:51:02
------------------------------------------------------------------------------------------------------------------------------------------------------------------------------------
